******************************************************************************
                  TI ARM Linker PC v16.9.3                     
******************************************************************************
>> Linked Sun Apr 15 17:41:34 2018

OUTPUT FILE NAME:   <msp432p401x_1_MSP_EXP432P401R_nortos_ccs.out>
ENTRY POINT SYMBOL: "_c_int00"  address: 000003dd


MEMORY CONFIGURATION

         name            origin    length      used     unused   attr    fill
----------------------  --------  ---------  --------  --------  ----  --------
  MAIN                  00000000   00040000  0000057c  0003fa84  R  X
  INFO                  00200000   00004000  00000000  00004000  R  X
  SRAM_CODE             01000000   00010000  00000218  0000fde8  RW X
  SRAM_DATA             20000000   00010000  00000218  0000fde8  RW  


SEGMENT ALLOCATION MAP

run origin  load origin   length   init length attrs members
----------  ----------- ---------- ----------- ----- -------
00000000    00000000    0000057c   0000057c    r-x
  00000000    00000000    000000e4   000000e4    r-- .intvecs
  000000e4    000000e4    00000474   00000474    r-x .text
  00000558    00000558    00000024   00000024    r-- .cinit
20000000    20000000    00000018   00000000    rw-
  20000000    20000000    00000018   00000000    rw- .data
2000fe00    2000fe00    00000200   00000000    rw-
  2000fe00    2000fe00    00000200   00000000    rw- .stack


SECTION ALLOCATION MAP

 output                                  attributes/
section   page    origin      length       input sections
--------  ----  ----------  ----------   ----------------
.intvecs   0    00000000    000000e4     
                  00000000    000000e4     startup_msp432p401r_ccs.obj (.intvecs:retain)

.binit     0    00000000    00000000     

.text      0    000000e4    00000474     
                  000000e4    0000011c     msp432p401x_1.obj (.text:main)
                  00000200    0000009c     rtsv7M4_T_le_v4SPD16_eabi.lib : memcpy_t2.obj (.text)
                  0000029c    00000070                                   : autoinit.obj (.text)
                  0000030c    00000068     system_msp432p401r.obj (.text:SystemInit)
                  00000374    00000068     rtsv7M4_T_le_v4SPD16_eabi.lib : copy_decompress_lzss.obj (.text:decompress:lzss)
                  000003dc    00000054                                   : boot.obj (.text)
                  00000430    00000054                                   : exit.obj (.text)
                  00000484    0000004c                                   : cpy_tbl.obj (.text)
                  000004d0    00000038     msp432p401x_1.obj (.text:PORT1_IRQHandler)
                  00000508    00000018     rtsv7M4_T_le_v4SPD16_eabi.lib : args_main.obj (.text)
                  00000520    00000014                                   : _lock.obj (.text)
                  00000534    0000000e                                   : copy_decompress_none.obj (.text:decompress:none)
                  00000542    0000000c     startup_msp432p401r_ccs.obj (.text:Reset_Handler)
                  0000054e    00000004     rtsv7M4_T_le_v4SPD16_eabi.lib : pre_init.obj (.text)
                  00000552    00000002     startup_msp432p401r_ccs.obj (.text:Default_Handler)
                  00000554    00000002     rtsv7M4_T_le_v4SPD16_eabi.lib : mpu_init.obj (.text)
                  00000556    00000002                                   : startup.obj (.text)

.cinit     0    00000558    00000024     
                  00000558    00000011     (.cinit..data.load) [load image, compression = lzss]
                  00000569    00000003     --HOLE-- [fill = 0]
                  0000056c    00000008     (__TI_handler_table)
                  00000574    00000008     (__TI_cinit_table)

.init_array 
*          0    00000000    00000000     UNINITIALIZED

.data      0    20000000    00000018     UNINITIALIZED
                  20000000    0000000c     rtsv7M4_T_le_v4SPD16_eabi.lib : exit.obj (.data:$O1$$)
                  2000000c    00000008                                   : _lock.obj (.data:$O1$$)
                  20000014    00000004                                   : stkdepth_vars.obj (.data)

.stack     0    2000fe00    00000200     UNINITIALIZED
                  2000fe00    00000200     --HOLE--

MODULE SUMMARY

       Module                        code   ro data   rw data
       ------                        ----   -------   -------
    .\
       msp432p401x_1.obj             340    0         0      
       system_msp432p401r.obj        104    0         0      
    +--+-----------------------------+------+---------+---------+
       Total:                        444    0         0      
                                                             
    .\ccs\
       startup_msp432p401r_ccs.obj   14     228       0      
    +--+-----------------------------+------+---------+---------+
       Total:                        14     228       0      
                                                             
    C:\Program_Files\ti\ccsv7\tools\compiler\ti-cgt-arm_16.9.3.LTS\lib\rtsv7M4_T_le_v4SPD16_eabi.lib
       memcpy_t2.obj                 156    0         0      
       autoinit.obj                  112    0         0      
       exit.obj                      84     0         24     
       copy_decompress_lzss.obj      104    0         0      
       boot.obj                      84     0         0      
       cpy_tbl.obj                   76     0         0      
       _lock.obj                     20     0         16     
       args_main.obj                 24     0         0      
       copy_decompress_none.obj      14     0         0      
       stkdepth_vars.obj             0      0         8      
       pre_init.obj                  4      0         0      
       mpu_init.obj                  2      0         0      
       startup.obj                   2      0         0      
    +--+-----------------------------+------+---------+---------+
       Total:                        682    0         48     
                                                             
       Stack:                        0      0         1024   
       Linker Generated:             0      33        0      
    +--+-----------------------------+------+---------+---------+
       Grand Total:                  1140   261       1072   


LINKER GENERATED COPY TABLES

__TI_cinit_table @ 00000574 records: 1, size/record: 8, table size: 8
	.data: load addr=00000558, load size=00000011 bytes, run addr=20000000, run size=00000018 bytes, compression=lzss


LINKER GENERATED HANDLER TABLE

__TI_handler_table @ 0000056c records: 2, size/record: 4, table size: 8
	index: 0, handler: __TI_decompress_lzss
	index: 1, handler: __TI_decompress_none


GLOBAL SYMBOLS: SORTED ALPHABETICALLY BY Name 

address   name                           
-------   ----                           
00000553  ADC14_IRQHandler               
00000553  AES256_IRQHandler              
00000553  BusFault_Handler               
00000431  C$$EXIT                        
00000553  COMP_E0_IRQHandler             
00000553  COMP_E1_IRQHandler             
00000553  CS_IRQHandler                  
00000553  DMA_ERR_IRQHandler             
00000553  DMA_INT0_IRQHandler            
00000553  DMA_INT1_IRQHandler            
00000553  DMA_INT2_IRQHandler            
00000553  DMA_INT3_IRQHandler            
00000553  DebugMon_Handler               
00000553  Default_Handler                
00000553  EUSCIA0_IRQHandler             
00000553  EUSCIA1_IRQHandler             
00000553  EUSCIA2_IRQHandler             
00000553  EUSCIA3_IRQHandler             
00000553  EUSCIB0_IRQHandler             
00000553  EUSCIB1_IRQHandler             
00000553  EUSCIB2_IRQHandler             
00000553  EUSCIB3_IRQHandler             
00000553  FLCTL_IRQHandler               
00000553  FPU_IRQHandler                 
00000553  HardFault_Handler              
00000553  MemManage_Handler              
00000553  NMI_Handler                    
00000553  PCM_IRQHandler                 
000004d1  PORT1_IRQHandler               
000004d1  PORT1_IRQHandler               
00000553  PORT2_IRQHandler               
00000553  PORT3_IRQHandler               
00000553  PORT4_IRQHandler               
00000553  PORT5_IRQHandler               
00000553  PORT6_IRQHandler               
00000553  PSS_IRQHandler                 
00000553  PendSV_Handler                 
00000553  RTC_C_IRQHandler               
00000543  Reset_Handler                  
UNDEFED   SHT$$INIT_ARRAY$$Base          
UNDEFED   SHT$$INIT_ARRAY$$Limit         
00000553  SVC_Handler                    
00000553  SysTick_Handler                
0000030d  SystemInit                     
00000553  T32_INT1_IRQHandler            
00000553  T32_INT2_IRQHandler            
00000553  T32_INTC_IRQHandler            
00000553  TA0_0_IRQHandler               
00000553  TA0_N_IRQHandler               
00000553  TA1_0_IRQHandler               
00000553  TA1_N_IRQHandler               
00000553  TA2_0_IRQHandler               
00000553  TA2_N_IRQHandler               
00000553  TA3_0_IRQHandler               
00000553  TA3_N_IRQHandler               
00000553  UsageFault_Handler             
4000480c  WDTCTL_SYM                     
00000553  WDT_A_IRQHandler               
20010000  __STACK_END                    
00000200  __STACK_SIZE                   
00000574  __TI_CINIT_Base                
0000057c  __TI_CINIT_Limit               
0000056c  __TI_Handler_Table_Base        
00000574  __TI_Handler_Table_Limit       
0000029d  __TI_auto_init                 
20000000  __TI_cleanup_ptr               
00000375  __TI_decompress_lzss           
00000535  __TI_decompress_none           
20000004  __TI_dtors_ptr                 
20000008  __TI_enable_exit_profile_output
ffffffff  __TI_pprof_out_hndl            
ffffffff  __TI_prof_data_size            
ffffffff  __TI_prof_data_start           
00000000  __TI_static_base__             
00000201  __aeabi_memcpy                 
00000201  __aeabi_memcpy4                
00000201  __aeabi_memcpy8                
ffffffff  __binit__                      
ffffffff  __c_args__                     
00000555  __mpu_init                     
2000fe00  __stack                        
00000509  _args_main                     
000003dd  _c_int00                       
2000000c  _lock                          
0000052f  _nop                           
00000527  _register_lock                 
00000521  _register_unlock               
00000557  _system_post_cinit             
0000054f  _system_pre_init               
20000010  _unlock                        
00000435  abort                          
ffffffff  binit                          
00000485  copy_in                        
0000043d  exit                           
00000000  interruptVectors               
000000e5  main                           
20000014  main_func_sp                   
00000201  memcpy                         


GLOBAL SYMBOLS: SORTED BY Symbol Address 

address   name                           
-------   ----                           
00000000  __TI_static_base__             
00000000  interruptVectors               
000000e5  main                           
00000200  __STACK_SIZE                   
00000201  __aeabi_memcpy                 
00000201  __aeabi_memcpy4                
00000201  __aeabi_memcpy8                
00000201  memcpy                         
0000029d  __TI_auto_init                 
0000030d  SystemInit                     
00000375  __TI_decompress_lzss           
000003dd  _c_int00                       
00000431  C$$EXIT                        
00000435  abort                          
0000043d  exit                           
00000485  copy_in                        
000004d1  PORT1_IRQHandler               
000004d1  PORT1_IRQHandler               
00000509  _args_main                     
00000521  _register_unlock               
00000527  _register_lock                 
0000052f  _nop                           
00000535  __TI_decompress_none           
00000543  Reset_Handler                  
0000054f  _system_pre_init               
00000553  ADC14_IRQHandler               
00000553  AES256_IRQHandler              
00000553  BusFault_Handler               
00000553  COMP_E0_IRQHandler             
00000553  COMP_E1_IRQHandler             
00000553  CS_IRQHandler                  
00000553  DMA_ERR_IRQHandler             
00000553  DMA_INT0_IRQHandler            
00000553  DMA_INT1_IRQHandler            
00000553  DMA_INT2_IRQHandler            
00000553  DMA_INT3_IRQHandler            
00000553  DebugMon_Handler               
00000553  Default_Handler                
00000553  EUSCIA0_IRQHandler             
00000553  EUSCIA1_IRQHandler             
00000553  EUSCIA2_IRQHandler             
00000553  EUSCIA3_IRQHandler             
00000553  EUSCIB0_IRQHandler             
00000553  EUSCIB1_IRQHandler             
00000553  EUSCIB2_IRQHandler             
00000553  EUSCIB3_IRQHandler             
00000553  FLCTL_IRQHandler               
00000553  FPU_IRQHandler                 
00000553  HardFault_Handler              
00000553  MemManage_Handler              
00000553  NMI_Handler                    
00000553  PCM_IRQHandler                 
00000553  PORT2_IRQHandler               
00000553  PORT3_IRQHandler               
00000553  PORT4_IRQHandler               
00000553  PORT5_IRQHandler               
00000553  PORT6_IRQHandler               
00000553  PSS_IRQHandler                 
00000553  PendSV_Handler                 
00000553  RTC_C_IRQHandler               
00000553  SVC_Handler                    
00000553  SysTick_Handler                
00000553  T32_INT1_IRQHandler            
00000553  T32_INT2_IRQHandler            
00000553  T32_INTC_IRQHandler            
00000553  TA0_0_IRQHandler               
00000553  TA0_N_IRQHandler               
00000553  TA1_0_IRQHandler               
00000553  TA1_N_IRQHandler               
00000553  TA2_0_IRQHandler               
00000553  TA2_N_IRQHandler               
00000553  TA3_0_IRQHandler               
00000553  TA3_N_IRQHandler               
00000553  UsageFault_Handler             
00000553  WDT_A_IRQHandler               
00000555  __mpu_init                     
00000557  _system_post_cinit             
0000056c  __TI_Handler_Table_Base        
00000574  __TI_CINIT_Base                
00000574  __TI_Handler_Table_Limit       
0000057c  __TI_CINIT_Limit               
20000000  __TI_cleanup_ptr               
20000004  __TI_dtors_ptr                 
20000008  __TI_enable_exit_profile_output
2000000c  _lock                          
20000010  _unlock                        
20000014  main_func_sp                   
2000fe00  __stack                        
20010000  __STACK_END                    
4000480c  WDTCTL_SYM                     
ffffffff  __TI_pprof_out_hndl            
ffffffff  __TI_prof_data_size            
ffffffff  __TI_prof_data_start           
ffffffff  __binit__                      
ffffffff  __c_args__                     
ffffffff  binit                          
UNDEFED   SHT$$INIT_ARRAY$$Base          
UNDEFED   SHT$$INIT_ARRAY$$Limit         

[98 symbols]
