******************************************************************************
                  TI ARM Linker PC v16.9.3                     
******************************************************************************
>> Linked Sun Apr 15 17:34:37 2018

OUTPUT FILE NAME:   <msp432p401x_1_MSP_EXP432P401R_nortos_ccs.out>
ENTRY POINT SYMBOL: "_c_int00"  address: 00000455


MEMORY CONFIGURATION

         name            origin    length      used     unused   attr    fill
----------------------  --------  ---------  --------  --------  ----  --------
  MAIN                  00000000   00040000  00000608  0003f9f8  R  X
  INFO                  00200000   00004000  00000000  00004000  R  X
  SRAM_CODE             01000000   00010000  00000218  0000fde8  RW X
  SRAM_DATA             20000000   00010000  00000218  0000fde8  RW  


SEGMENT ALLOCATION MAP

run origin  load origin   length   init length attrs members
----------  ----------- ---------- ----------- ----- -------
00000000    00000000    0000060c   0000060c    r-x
  00000000    00000000    000000e4   000000e4    r-- .intvecs
  000000e4    000000e4    00000500   00000500    r-x .text
  000005e8    000005e8    00000024   00000024    r-- .cinit
20000000    20000000    00000018   00000000    rw-
  20000000    20000000    00000018   00000000    rw- .data
2000fe00    2000fe00    00000200   00000000    rw-
  2000fe00    2000fe00    00000200   00000000    rw- .stack


SECTION ALLOCATION MAP

 output                                  attributes/
section   page    origin      length       input sections
--------  ----  ----------  ----------   ----------------
.intvecs   0    00000000    000000e4     
                  00000000    000000e4     startup_msp432p401r_ccs.obj (.intvecs:retain)

.binit     0    00000000    00000000     

.text      0    000000e4    00000500     
                  000000e4    00000184     msp432p401x_1.obj (.text:main)
                  00000268    0000009c     rtsv7M4_T_le_v4SPD16_eabi.lib : memcpy_t2.obj (.text)
                  00000304    00000078     system_msp432p401r.obj (.text:SystemInit)
                  0000037c    00000070     rtsv7M4_T_le_v4SPD16_eabi.lib : autoinit.obj (.text)
                  000003ec    00000068                                   : copy_decompress_lzss.obj (.text:decompress:lzss)
                  00000454    00000054                                   : boot.obj (.text)
                  000004a8    00000054                                   : exit.obj (.text)
                  000004fc    0000004c     msp432p401x_1.obj (.text:PORT1_IRQHandler)
                  00000548    0000004c     rtsv7M4_T_le_v4SPD16_eabi.lib : cpy_tbl.obj (.text)
                  00000594    00000018                                   : args_main.obj (.text)
                  000005ac    00000014                                   : _lock.obj (.text)
                  000005c0    0000000e                                   : copy_decompress_none.obj (.text:decompress:none)
                  000005ce    0000000c     startup_msp432p401r_ccs.obj (.text:Reset_Handler)
                  000005da    00000004     rtsv7M4_T_le_v4SPD16_eabi.lib : pre_init.obj (.text)
                  000005de    00000002     startup_msp432p401r_ccs.obj (.text:Default_Handler)
                  000005e0    00000002     rtsv7M4_T_le_v4SPD16_eabi.lib : mpu_init.obj (.text)
                  000005e2    00000002                                   : startup.obj (.text)

.cinit     0    000005e8    00000024     
                  000005e8    00000011     (.cinit..data.load) [load image, compression = lzss]
                  000005f9    00000003     --HOLE-- [fill = 0]
                  000005fc    00000008     (__TI_handler_table)
                  00000604    00000008     (__TI_cinit_table)

.init_array 
*          0    00000000    00000000     UNINITIALIZED

.data      0    20000000    00000018     UNINITIALIZED
                  20000000    0000000c     rtsv7M4_T_le_v4SPD16_eabi.lib : exit.obj (.data:$O1$$)
                  2000000c    00000008                                   : _lock.obj (.data:$O1$$)
                  20000014    00000004                                   : stkdepth_vars.obj (.data)

.stack     0    2000fe00    00000200     UNINITIALIZED
                  2000fe00    00000200     --HOLE--

MODULE SUMMARY

       Module                        code   ro data   rw data
       ------                        ----   -------   -------
    .\
       msp432p401x_1.obj             464    0         0      
       system_msp432p401r.obj        120    0         0      
    +--+-----------------------------+------+---------+---------+
       Total:                        584    0         0      
                                                             
    .\ccs\
       startup_msp432p401r_ccs.obj   14     228       0      
    +--+-----------------------------+------+---------+---------+
       Total:                        14     228       0      
                                                             
    C:\Program_Files\ti\ccsv7\tools\compiler\ti-cgt-arm_16.9.3.LTS\lib\rtsv7M4_T_le_v4SPD16_eabi.lib
       memcpy_t2.obj                 156    0         0      
       autoinit.obj                  112    0         0      
       exit.obj                      84     0         24     
       copy_decompress_lzss.obj      104    0         0      
       boot.obj                      84     0         0      
       cpy_tbl.obj                   76     0         0      
       _lock.obj                     20     0         16     
       args_main.obj                 24     0         0      
       copy_decompress_none.obj      14     0         0      
       stkdepth_vars.obj             0      0         8      
       pre_init.obj                  4      0         0      
       mpu_init.obj                  2      0         0      
       startup.obj                   2      0         0      
    +--+-----------------------------+------+---------+---------+
       Total:                        682    0         48     
                                                             
       Stack:                        0      0         1024   
       Linker Generated:             0      33        0      
    +--+-----------------------------+------+---------+---------+
       Grand Total:                  1280   261       1072   


LINKER GENERATED COPY TABLES

__TI_cinit_table @ 00000604 records: 1, size/record: 8, table size: 8
	.data: load addr=000005e8, load size=00000011 bytes, run addr=20000000, run size=00000018 bytes, compression=lzss


LINKER GENERATED HANDLER TABLE

__TI_handler_table @ 000005fc records: 2, size/record: 4, table size: 8
	index: 0, handler: __TI_decompress_lzss
	index: 1, handler: __TI_decompress_none


GLOBAL SYMBOLS: SORTED ALPHABETICALLY BY Name 

address   name                           
-------   ----                           
000005df  ADC14_IRQHandler               
000005df  AES256_IRQHandler              
000005df  BusFault_Handler               
000004a9  C$$EXIT                        
000005df  COMP_E0_IRQHandler             
000005df  COMP_E1_IRQHandler             
000005df  CS_IRQHandler                  
000005df  DMA_ERR_IRQHandler             
000005df  DMA_INT0_IRQHandler            
000005df  DMA_INT1_IRQHandler            
000005df  DMA_INT2_IRQHandler            
000005df  DMA_INT3_IRQHandler            
000005df  DebugMon_Handler               
000005df  Default_Handler                
000005df  EUSCIA0_IRQHandler             
000005df  EUSCIA1_IRQHandler             
000005df  EUSCIA2_IRQHandler             
000005df  EUSCIA3_IRQHandler             
000005df  EUSCIB0_IRQHandler             
000005df  EUSCIB1_IRQHandler             
000005df  EUSCIB2_IRQHandler             
000005df  EUSCIB3_IRQHandler             
000005df  FLCTL_IRQHandler               
000005df  FPU_IRQHandler                 
000005df  HardFault_Handler              
000005df  MemManage_Handler              
000005df  NMI_Handler                    
000005df  PCM_IRQHandler                 
000004fd  PORT1_IRQHandler               
000004fd  PORT1_IRQHandler               
000005df  PORT2_IRQHandler               
000005df  PORT3_IRQHandler               
000005df  PORT4_IRQHandler               
000005df  PORT5_IRQHandler               
000005df  PORT6_IRQHandler               
000005df  PSS_IRQHandler                 
000005df  PendSV_Handler                 
000005df  RTC_C_IRQHandler               
000005cf  Reset_Handler                  
UNDEFED   SHT$$INIT_ARRAY$$Base          
UNDEFED   SHT$$INIT_ARRAY$$Limit         
000005df  SVC_Handler                    
000005df  SysTick_Handler                
00000305  SystemInit                     
000005df  T32_INT1_IRQHandler            
000005df  T32_INT2_IRQHandler            
000005df  T32_INTC_IRQHandler            
000005df  TA0_0_IRQHandler               
000005df  TA0_N_IRQHandler               
000005df  TA1_0_IRQHandler               
000005df  TA1_N_IRQHandler               
000005df  TA2_0_IRQHandler               
000005df  TA2_N_IRQHandler               
000005df  TA3_0_IRQHandler               
000005df  TA3_N_IRQHandler               
000005df  UsageFault_Handler             
4000480c  WDTCTL_SYM                     
000005df  WDT_A_IRQHandler               
20010000  __STACK_END                    
00000200  __STACK_SIZE                   
00000604  __TI_CINIT_Base                
0000060c  __TI_CINIT_Limit               
000005fc  __TI_Handler_Table_Base        
00000604  __TI_Handler_Table_Limit       
0000037d  __TI_auto_init                 
20000000  __TI_cleanup_ptr               
000003ed  __TI_decompress_lzss           
000005c1  __TI_decompress_none           
20000004  __TI_dtors_ptr                 
20000008  __TI_enable_exit_profile_output
ffffffff  __TI_pprof_out_hndl            
ffffffff  __TI_prof_data_size            
ffffffff  __TI_prof_data_start           
00000000  __TI_static_base__             
00000269  __aeabi_memcpy                 
00000269  __aeabi_memcpy4                
00000269  __aeabi_memcpy8                
ffffffff  __binit__                      
ffffffff  __c_args__                     
000005e1  __mpu_init                     
2000fe00  __stack                        
00000595  _args_main                     
00000455  _c_int00                       
2000000c  _lock                          
000005bb  _nop                           
000005b3  _register_lock                 
000005ad  _register_unlock               
000005e3  _system_post_cinit             
000005db  _system_pre_init               
20000010  _unlock                        
000004ad  abort                          
ffffffff  binit                          
00000549  copy_in                        
000004b5  exit                           
00000000  interruptVectors               
000000e5  main                           
20000014  main_func_sp                   
00000269  memcpy                         


GLOBAL SYMBOLS: SORTED BY Symbol Address 

address   name                           
-------   ----                           
00000000  __TI_static_base__             
00000000  interruptVectors               
000000e5  main                           
00000200  __STACK_SIZE                   
00000269  __aeabi_memcpy                 
00000269  __aeabi_memcpy4                
00000269  __aeabi_memcpy8                
00000269  memcpy                         
00000305  SystemInit                     
0000037d  __TI_auto_init                 
000003ed  __TI_decompress_lzss           
00000455  _c_int00                       
000004a9  C$$EXIT                        
000004ad  abort                          
000004b5  exit                           
000004fd  PORT1_IRQHandler               
000004fd  PORT1_IRQHandler               
00000549  copy_in                        
00000595  _args_main                     
000005ad  _register_unlock               
000005b3  _register_lock                 
000005bb  _nop                           
000005c1  __TI_decompress_none           
000005cf  Reset_Handler                  
000005db  _system_pre_init               
000005df  ADC14_IRQHandler               
000005df  AES256_IRQHandler              
000005df  BusFault_Handler               
000005df  COMP_E0_IRQHandler             
000005df  COMP_E1_IRQHandler             
000005df  CS_IRQHandler                  
000005df  DMA_ERR_IRQHandler             
000005df  DMA_INT0_IRQHandler            
000005df  DMA_INT1_IRQHandler            
000005df  DMA_INT2_IRQHandler            
000005df  DMA_INT3_IRQHandler            
000005df  DebugMon_Handler               
000005df  Default_Handler                
000005df  EUSCIA0_IRQHandler             
000005df  EUSCIA1_IRQHandler             
000005df  EUSCIA2_IRQHandler             
000005df  EUSCIA3_IRQHandler             
000005df  EUSCIB0_IRQHandler             
000005df  EUSCIB1_IRQHandler             
000005df  EUSCIB2_IRQHandler             
000005df  EUSCIB3_IRQHandler             
000005df  FLCTL_IRQHandler               
000005df  FPU_IRQHandler                 
000005df  HardFault_Handler              
000005df  MemManage_Handler              
000005df  NMI_Handler                    
000005df  PCM_IRQHandler                 
000005df  PORT2_IRQHandler               
000005df  PORT3_IRQHandler               
000005df  PORT4_IRQHandler               
000005df  PORT5_IRQHandler               
000005df  PORT6_IRQHandler               
000005df  PSS_IRQHandler                 
000005df  PendSV_Handler                 
000005df  RTC_C_IRQHandler               
000005df  SVC_Handler                    
000005df  SysTick_Handler                
000005df  T32_INT1_IRQHandler            
000005df  T32_INT2_IRQHandler            
000005df  T32_INTC_IRQHandler            
000005df  TA0_0_IRQHandler               
000005df  TA0_N_IRQHandler               
000005df  TA1_0_IRQHandler               
000005df  TA1_N_IRQHandler               
000005df  TA2_0_IRQHandler               
000005df  TA2_N_IRQHandler               
000005df  TA3_0_IRQHandler               
000005df  TA3_N_IRQHandler               
000005df  UsageFault_Handler             
000005df  WDT_A_IRQHandler               
000005e1  __mpu_init                     
000005e3  _system_post_cinit             
000005fc  __TI_Handler_Table_Base        
00000604  __TI_CINIT_Base                
00000604  __TI_Handler_Table_Limit       
0000060c  __TI_CINIT_Limit               
20000000  __TI_cleanup_ptr               
20000004  __TI_dtors_ptr                 
20000008  __TI_enable_exit_profile_output
2000000c  _lock                          
20000010  _unlock                        
20000014  main_func_sp                   
2000fe00  __stack                        
20010000  __STACK_END                    
4000480c  WDTCTL_SYM                     
ffffffff  __TI_pprof_out_hndl            
ffffffff  __TI_prof_data_size            
ffffffff  __TI_prof_data_start           
ffffffff  __binit__                      
ffffffff  __c_args__                     
ffffffff  binit                          
UNDEFED   SHT$$INIT_ARRAY$$Base          
UNDEFED   SHT$$INIT_ARRAY$$Limit         

[98 symbols]
